Archive member included to satisfy reference by file (symbol)

c:/st/stm32cubeide_1.9.0/stm32cubeide/plugins/com.st.stm32cube.ide.mcu.externaltools.gnu-tools-for-stm32.10.3-2021.10.win32_1.0.0.202111181127/tools/bin/../lib/gcc/arm-none-eabi/10.3.1/../../../../arm-none-eabi/lib/thumb/v7e-m+fp/hard\libc_nano.a(lib_a-errno.o)
                              ./Core/Src/syscalls.o (__errno)
c:/st/stm32cubeide_1.9.0/stm32cubeide/plugins/com.st.stm32cube.ide.mcu.externaltools.gnu-tools-for-stm32.10.3-2021.10.win32_1.0.0.202111181127/tools/bin/../lib/gcc/arm-none-eabi/10.3.1/../../../../arm-none-eabi/lib/thumb/v7e-m+fp/hard\libc_nano.a(lib_a-exit.o)
                              c:/st/stm32cubeide_1.9.0/stm32cubeide/plugins/com.st.stm32cube.ide.mcu.externaltools.gnu-tools-for-stm32.10.3-2021.10.win32_1.0.0.202111181127/tools/bin/../lib/gcc/arm-none-eabi/10.3.1/../../../../arm-none-eabi/lib/thumb/v7e-m+fp/hard/crt0.o (exit)
c:/st/stm32cubeide_1.9.0/stm32cubeide/plugins/com.st.stm32cube.ide.mcu.externaltools.gnu-tools-for-stm32.10.3-2021.10.win32_1.0.0.202111181127/tools/bin/../lib/gcc/arm-none-eabi/10.3.1/../../../../arm-none-eabi/lib/thumb/v7e-m+fp/hard\libc_nano.a(lib_a-impure.o)
                              c:/st/stm32cubeide_1.9.0/stm32cubeide/plugins/com.st.stm32cube.ide.mcu.externaltools.gnu-tools-for-stm32.10.3-2021.10.win32_1.0.0.202111181127/tools/bin/../lib/gcc/arm-none-eabi/10.3.1/../../../../arm-none-eabi/lib/thumb/v7e-m+fp/hard\libc_nano.a(lib_a-exit.o) (_global_impure_ptr)
c:/st/stm32cubeide_1.9.0/stm32cubeide/plugins/com.st.stm32cube.ide.mcu.externaltools.gnu-tools-for-stm32.10.3-2021.10.win32_1.0.0.202111181127/tools/bin/../lib/gcc/arm-none-eabi/10.3.1/../../../../arm-none-eabi/lib/thumb/v7e-m+fp/hard\libc_nano.a(lib_a-init.o)
                              c:/st/stm32cubeide_1.9.0/stm32cubeide/plugins/com.st.stm32cube.ide.mcu.externaltools.gnu-tools-for-stm32.10.3-2021.10.win32_1.0.0.202111181127/tools/bin/../lib/gcc/arm-none-eabi/10.3.1/../../../../arm-none-eabi/lib/thumb/v7e-m+fp/hard/crt0.o (__libc_init_array)
c:/st/stm32cubeide_1.9.0/stm32cubeide/plugins/com.st.stm32cube.ide.mcu.externaltools.gnu-tools-for-stm32.10.3-2021.10.win32_1.0.0.202111181127/tools/bin/../lib/gcc/arm-none-eabi/10.3.1/../../../../arm-none-eabi/lib/thumb/v7e-m+fp/hard\libc_nano.a(lib_a-memcpy-stub.o)
                              ./Third_party/FreeRTOS/queue.o (memcpy)
c:/st/stm32cubeide_1.9.0/stm32cubeide/plugins/com.st.stm32cube.ide.mcu.externaltools.gnu-tools-for-stm32.10.3-2021.10.win32_1.0.0.202111181127/tools/bin/../lib/gcc/arm-none-eabi/10.3.1/../../../../arm-none-eabi/lib/thumb/v7e-m+fp/hard\libc_nano.a(lib_a-memset.o)
                              c:/st/stm32cubeide_1.9.0/stm32cubeide/plugins/com.st.stm32cube.ide.mcu.externaltools.gnu-tools-for-stm32.10.3-2021.10.win32_1.0.0.202111181127/tools/bin/../lib/gcc/arm-none-eabi/10.3.1/../../../../arm-none-eabi/lib/thumb/v7e-m+fp/hard/crt0.o (memset)
c:/st/stm32cubeide_1.9.0/stm32cubeide/plugins/com.st.stm32cube.ide.mcu.externaltools.gnu-tools-for-stm32.10.3-2021.10.win32_1.0.0.202111181127/tools/bin/../lib/gcc/arm-none-eabi/10.3.1/../../../../arm-none-eabi/lib/thumb/v7e-m+fp/hard\libc_nano.a(lib_a-strlen.o)
                              ./Third_party/FreeRTOS/tasks.o (strlen)
c:/st/stm32cubeide_1.9.0/stm32cubeide/plugins/com.st.stm32cube.ide.mcu.externaltools.gnu-tools-for-stm32.10.3-2021.10.win32_1.0.0.202111181127/tools/bin/../lib/gcc/arm-none-eabi/10.3.1/thumb/v7e-m+fp/hard\libgcc.a(_aeabi_uldivmod.o)
                              ./Drivers/STM32F4xx_HAL_Driver/Src/stm32f4xx_hal_rcc.o (__aeabi_uldivmod)
c:/st/stm32cubeide_1.9.0/stm32cubeide/plugins/com.st.stm32cube.ide.mcu.externaltools.gnu-tools-for-stm32.10.3-2021.10.win32_1.0.0.202111181127/tools/bin/../lib/gcc/arm-none-eabi/10.3.1/thumb/v7e-m+fp/hard\libgcc.a(_udivmoddi4.o)
                              c:/st/stm32cubeide_1.9.0/stm32cubeide/plugins/com.st.stm32cube.ide.mcu.externaltools.gnu-tools-for-stm32.10.3-2021.10.win32_1.0.0.202111181127/tools/bin/../lib/gcc/arm-none-eabi/10.3.1/thumb/v7e-m+fp/hard\libgcc.a(_aeabi_uldivmod.o) (__udivmoddi4)
c:/st/stm32cubeide_1.9.0/stm32cubeide/plugins/com.st.stm32cube.ide.mcu.externaltools.gnu-tools-for-stm32.10.3-2021.10.win32_1.0.0.202111181127/tools/bin/../lib/gcc/arm-none-eabi/10.3.1/thumb/v7e-m+fp/hard\libgcc.a(_dvmd_tls.o)
                              c:/st/stm32cubeide_1.9.0/stm32cubeide/plugins/com.st.stm32cube.ide.mcu.externaltools.gnu-tools-for-stm32.10.3-2021.10.win32_1.0.0.202111181127/tools/bin/../lib/gcc/arm-none-eabi/10.3.1/thumb/v7e-m+fp/hard\libgcc.a(_aeabi_uldivmod.o) (__aeabi_ldiv0)

Discarded input sections

 .text          0x0000000000000000        0x0 c:/st/stm32cubeide_1.9.0/stm32cubeide/plugins/com.st.stm32cube.ide.mcu.externaltools.gnu-tools-for-stm32.10.3-2021.10.win32_1.0.0.202111181127/tools/bin/../lib/gcc/arm-none-eabi/10.3.1/thumb/v7e-m+fp/hard/crti.o
[...]
Memory Configuration

Name             Origin             Length             Attributes
RAM              0x0000000020000000 0x0000000000020000 xrw
FLASH            0x0000000008000000 0x0000000000080000 xr
*default*        0x0000000000000000 0xffffffffffffffff

Linker script and memory map

LOAD c:/st/stm32cubeide_1.9.0/stm32cubeide/plugins/com.st.stm32cube.ide.mcu.externaltools.gnu-tools-for-stm32.10.3-2021.10.win32_1.0.0.202111181127/tools/bin/../lib/gcc/arm-none-eabi/10.3.1/thumb/v7e-m+fp/hard/crti.o
LOAD c:/st/stm32cubeide_1.9.0/stm32cubeide/plugins/com.st.stm32cube.ide.mcu.externaltools.gnu-tools-for-stm32.10.3-2021.10.win32_1.0.0.202111181127/tools/bin/../lib/gcc/arm-none-eabi/10.3.1/thumb/v7e-m+fp/hard/crtbegin.o
LOAD c:/st/stm32cubeide_1.9.0/stm32cubeide/plugins/com.st.stm32cube.ide.mcu.externaltools.gnu-tools-for-stm32.10.3-2021.10.win32_1.0.0.202111181127/tools/bin/../lib/gcc/arm-none-eabi/10.3.1/../../../../arm-none-eabi/lib/thumb/v7e-m+fp/hard/crt0.o
LOAD ./Core/Src/main.o
LOAD ./Core/Src/stm32f4xx_hal_msp.o
LOAD ./Core/Src/stm32f4xx_hal_timebase_tim.o
LOAD ./Core/Src/stm32f4xx_it.o
LOAD ./Core/Src/syscalls.o
LOAD ./Core/Src/system_stm32f4xx.o
LOAD ./Core/Startup/startup_stm32f446retx.o
LOAD ./Drivers/STM32F4xx_HAL_Driver/Src/stm32f4xx_hal.o
LOAD ./Drivers/STM32F4xx_HAL_Driver/Src/stm32f4xx_hal_cortex.o
LOAD ./Drivers/STM32F4xx_HAL_Driver/Src/stm32f4xx_hal_dma.o
LOAD ./Drivers/STM32F4xx_HAL_Driver/Src/stm32f4xx_hal_dma_ex.o
LOAD ./Drivers/STM32F4xx_HAL_Driver/Src/stm32f4xx_hal_exti.o
LOAD ./Drivers/STM32F4xx_HAL_Driver/Src/stm32f4xx_hal_flash.o
LOAD ./Drivers/STM32F4xx_HAL_Driver/Src/stm32f4xx_hal_flash_ex.o
LOAD ./Drivers/STM32F4xx_HAL_Driver/Src/stm32f4xx_hal_flash_ramfunc.o
LOAD ./Drivers/STM32F4xx_HAL_Driver/Src/stm32f4xx_hal_gpio.o
LOAD ./Drivers/STM32F4xx_HAL_Driver/Src/stm32f4xx_hal_pwr.o
LOAD ./Drivers/STM32F4xx_HAL_Driver/Src/stm32f4xx_hal_pwr_ex.o
LOAD ./Drivers/STM32F4xx_HAL_Driver/Src/stm32f4xx_hal_rcc.o
LOAD ./Drivers/STM32F4xx_HAL_Driver/Src/stm32f4xx_hal_rcc_ex.o
LOAD ./Drivers/STM32F4xx_HAL_Driver/Src/stm32f4xx_hal_tim.o
LOAD ./Drivers/STM32F4xx_HAL_Driver/Src/stm32f4xx_hal_tim_ex.o
LOAD ./Drivers/STM32F4xx_HAL_Driver/Src/stm32f4xx_hal_uart.o
LOAD ./Third_party/FreeRTOS/croutine.o
LOAD ./Third_party/FreeRTOS/event_groups.o
LOAD ./Third_party/FreeRTOS/list.o
LOAD ./Third_party/FreeRTOS/queue.o
LOAD ./Third_party/FreeRTOS/stream_buffer.o
LOAD ./Third_party/FreeRTOS/tasks.o
LOAD ./Third_party/FreeRTOS/timers.o
LOAD ./Third_party/FreeRTOS/portable/GCC/ARM_CM4F/port.o
LOAD ./Third_party/FreeRTOS/portable/MemMang/heap_4.o
START GROUP
LOAD c:/st/stm32cubeide_1.9.0/stm32cubeide/plugins/com.st.stm32cube.ide.mcu.externaltools.gnu-tools-for-stm32.10.3-2021.10.win32_1.0.0.202111181127/tools/bin/../lib/gcc/arm-none-eabi/10.3.1/../../../../arm-none-eabi/lib/thumb/v7e-m+fp/hard\libc_nano.a
LOAD c:/st/stm32cubeide_1.9.0/stm32cubeide/plugins/com.st.stm32cube.ide.mcu.externaltools.gnu-tools-for-stm32.10.3-2021.10.win32_1.0.0.202111181127/tools/bin/../lib/gcc/arm-none-eabi/10.3.1/../../../../arm-none-eabi/lib/thumb/v7e-m+fp/hard\libm.a
END GROUP
START GROUP
LOAD c:/st/stm32cubeide_1.9.0/stm32cubeide/plugins/com.st.stm32cube.ide.mcu.externaltools.gnu-tools-for-stm32.10.3-2021.10.win32_1.0.0.202111181127/tools/bin/../lib/gcc/arm-none-eabi/10.3.1/thumb/v7e-m+fp/hard\libgcc.a
LOAD c:/st/stm32cubeide_1.9.0/stm32cubeide/plugins/com.st.stm32cube.ide.mcu.externaltools.gnu-tools-for-stm32.10.3-2021.10.win32_1.0.0.202111181127/tools/bin/../lib/gcc/arm-none-eabi/10.3.1/../../../../arm-none-eabi/lib/thumb/v7e-m+fp/hard\libc_nano.a
END GROUP
START GROUP
LOAD c:/st/stm32cubeide_1.9.0/stm32cubeide/plugins/com.st.stm32cube.ide.mcu.externaltools.gnu-tools-for-stm32.10.3-2021.10.win32_1.0.0.202111181127/tools/bin/../lib/gcc/arm-none-eabi/10.3.1/thumb/v7e-m+fp/hard\libgcc.a
LOAD c:/st/stm32cubeide_1.9.0/stm32cubeide/plugins/com.st.stm32cube.ide.mcu.externaltools.gnu-tools-for-stm32.10.3-2021.10.win32_1.0.0.202111181127/tools/bin/../lib/gcc/arm-none-eabi/10.3.1/../../../../arm-none-eabi/lib/thumb/v7e-m+fp/hard\libc_nano.a
LOAD c:/st/stm32cubeide_1.9.0/stm32cubeide/plugins/com.st.stm32cube.ide.mcu.externaltools.gnu-tools-for-stm32.10.3-2021.10.win32_1.0.0.202111181127/tools/bin/../lib/gcc/arm-none-eabi/10.3.1/../../../../arm-none-eabi/lib/thumb/v7e-m+fp/hard\libnosys.a
END GROUP
START GROUP
LOAD c:/st/stm32cubeide_1.9.0/stm32cubeide/plugins/com.st.stm32cube.ide.mcu.externaltools.gnu-tools-for-stm32.10.3-2021.10.win32_1.0.0.202111181127/tools/bin/../lib/gcc/arm-none-eabi/10.3.1/thumb/v7e-m+fp/hard\libgcc.a
LOAD c:/st/stm32cubeide_1.9.0/stm32cubeide/plugins/com.st.stm32cube.ide.mcu.externaltools.gnu-tools-for-stm32.10.3-2021.10.win32_1.0.0.202111181127/tools/bin/../lib/gcc/arm-none-eabi/10.3.1/../../../../arm-none-eabi/lib/thumb/v7e-m+fp/hard\libc_nano.a
LOAD c:/st/stm32cubeide_1.9.0/stm32cubeide/plugins/com.st.stm32cube.ide.mcu.externaltools.gnu-tools-for-stm32.10.3-2021.10.win32_1.0.0.202111181127/tools/bin/../lib/gcc/arm-none-eabi/10.3.1/../../../../arm-none-eabi/lib/thumb/v7e-m+fp/hard\libnosys.a
END GROUP
LOAD c:/st/stm32cubeide_1.9.0/stm32cubeide/plugins/com.st.stm32cube.ide.mcu.externaltools.gnu-tools-for-stm32.10.3-2021.10.win32_1.0.0.202111181127/tools/bin/../lib/gcc/arm-none-eabi/10.3.1/thumb/v7e-m+fp/hard/crtend.o
LOAD c:/st/stm32cubeide_1.9.0/stm32cubeide/plugins/com.st.stm32cube.ide.mcu.externaltools.gnu-tools-for-stm32.10.3-2021.10.win32_1.0.0.202111181127/tools/bin/../lib/gcc/arm-none-eabi/10.3.1/thumb/v7e-m+fp/hard/crtn.o
                0x0000000020020000                _estack = (ORIGIN (RAM) + LENGTH (RAM))
                0x0000000000000200                _Min_Heap_Size = 0x200
                0x0000000000000400                _Min_Stack_Size = 0x400

.isr_vector     0x0000000008000000      0x1c4
                0x0000000008000000                . = ALIGN (0x4)
 *(.isr_vector)
 .isr_vector    0x0000000008000000      0x1c4 ./Core/Startup/startup_stm32f446retx.o
                0x0000000008000000                g_pfnVectors
                0x00000000080001c4                . = ALIGN (0x4)

.text           0x00000000080001d0     0x3be8
                0x00000000080001d0                . = ALIGN (0x4)
 *(.text)
 .text          0x00000000080001d0       0x40 c:/st/stm32cubeide_1.9.0/stm32cubeide/plugins/com.st.stm32cube.ide.mcu.externaltools.gnu-tools-for-stm32.10.3-2021.10.win32_1.0.0.202111181127/tools/bin/../lib/gcc/arm-none-eabi/10.3.1/thumb/v7e-m+fp/hard/crtbegin.o
 .text          0x0000000008000210       0x10 c:/st/stm32cubeide_1.9.0/stm32cubeide/plugins/com.st.stm32cube.ide.mcu.externaltools.gnu-tools-for-stm32.10.3-2021.10.win32_1.0.0.202111181127/tools/bin/../lib/gcc/arm-none-eabi/10.3.1/../../../../arm-none-eabi/lib/thumb/v7e-m+fp/hard\libc_nano.a(lib_a-strlen.o)
                0x0000000008000210                strlen
 .text          0x0000000008000220       0x30 c:/st/stm32cubeide_1.9.0/stm32cubeide/plugins/com.st.stm32cube.ide.mcu.externaltools.gnu-tools-for-stm32.10.3-2021.10.win32_1.0.0.202111181127/tools/bin/../lib/gcc/arm-none-eabi/10.3.1/thumb/v7e-m+fp/hard\libgcc.a(_aeabi_uldivmod.o)
                0x0000000008000220                __aeabi_uldivmod
 .text          0x0000000008000250      0x2d0 c:/st/stm32cubeide_1.9.0/stm32cubeide/plugins/com.st.stm32cube.ide.mcu.externaltools.gnu-tools-for-stm32.10.3-2021.10.win32_1.0.0.202111181127/tools/bin/../lib/gcc/arm-none-eabi/10.3.1/thumb/v7e-m+fp/hard\libgcc.a(_udivmoddi4.o)
                0x0000000008000250                __udivmoddi4
 .text          0x0000000008000520        0x4 c:/st/stm32cubeide_1.9.0/stm32cubeide/plugins/com.st.stm32cube.ide.mcu.externaltools.gnu-tools-for-stm32.10.3-2021.10.win32_1.0.0.202111181127/tools/bin/../lib/gcc/arm-none-eabi/10.3.1/thumb/v7e-m+fp/hard\libgcc.a(_dvmd_tls.o)
                0x0000000008000520                __aeabi_idiv0
                0x0000000008000520                __aeabi_ldiv0
 *(.text*)
 .text.main     0x0000000008000524       0x9c ./Core/Src/main.o
                0x0000000008000524                main
 .text.SystemClock_Config
                0x00000000080005c0       0xdc ./Core/Src/main.o
                0x00000000080005c0                SystemClock_Config
 .text.MX_USART2_UART_Init
                0x000000000800069c       0x54 ./Core/Src/main.o
 .text.MX_GPIO_Init
                0x00000000080006f0      0x114 ./Core/Src/main.o
 .text.task1_func
                0x0000000008000804       0x24 ./Core/Src/main.o
                0x0000000008000804                task1_func
 .text.task2_func
                0x0000000008000828       0x20 ./Core/Src/main.o
                0x0000000008000828                task2_func
 .text.switch_priority
                0x0000000008000848       0x90 ./Core/Src/main.o
                0x0000000008000848                switch_priority
 .text.HAL_GPIO_EXTI_Callback
                0x00000000080008d8       0x20 ./Core/Src/main.o
                0x00000000080008d8                HAL_GPIO_EXTI_Callback
 .text.HAL_TIM_PeriodElapsedCallback
                0x00000000080008f8       0x24 ./Core/Src/main.o
                0x00000000080008f8                HAL_TIM_PeriodElapsedCallback
 .text.Error_Handler
                0x000000000800091c        0xa ./Core/Src/main.o
                0x000000000800091c                Error_Handler
 *fill*         0x0000000008000926        0x2 
 .text.HAL_MspInit
                0x0000000008000928       0x50 ./Core/Src/stm32f4xx_hal_msp.o
                0x0000000008000928                HAL_MspInit
 .text.HAL_UART_MspInit
                0x0000000008000978       0x90 ./Core/Src/stm32f4xx_hal_msp.o
                0x0000000008000978                HAL_UART_MspInit
 .text.HAL_InitTick
                0x0000000008000a08       0xb4 ./Core/Src/stm32f4xx_hal_timebase_tim.o
                0x0000000008000a08                HAL_InitTick
 .text.NMI_Handler
                0x0000000008000abc        0x6 ./Core/Src/stm32f4xx_it.o
                0x0000000008000abc                NMI_Handler
 .text.HardFault_Handler
                0x0000000008000ac2        0x6 ./Core/Src/stm32f4xx_it.o
                0x0000000008000ac2                HardFault_Handler
 .text.MemManage_Handler
                0x0000000008000ac8        0x6 ./Core/Src/stm32f4xx_it.o
                0x0000000008000ac8                MemManage_Handler
 .text.BusFault_Handler
                0x0000000008000ace        0x6 ./Core/Src/stm32f4xx_it.o
                0x0000000008000ace                BusFault_Handler
 .text.UsageFault_Handler
                0x0000000008000ad4        0x6 ./Core/Src/stm32f4xx_it.o
                0x0000000008000ad4                UsageFault_Handler
 .text.DebugMon_Handler
                0x0000000008000ada        0xe ./Core/Src/stm32f4xx_it.o
                0x0000000008000ada                DebugMon_Handler
 .text.EXTI15_10_IRQHandler
                0x0000000008000ae8       0x10 ./Core/Src/stm32f4xx_it.o
                0x0000000008000ae8                EXTI15_10_IRQHandler
 .text.TIM6_DAC_IRQHandler
                0x0000000008000af8       0x14 ./Core/Src/stm32f4xx_it.o
                0x0000000008000af8                TIM6_DAC_IRQHandler
 .text.SystemInit
                0x0000000008000b0c       0x24 ./Core/Src/system_stm32f4xx.o
                0x0000000008000b0c                SystemInit
 .text.Reset_Handler
                0x0000000008000b30       0x50 ./Core/Startup/startup_stm32f446retx.o
                0x0000000008000b30                Reset_Handler
 .text.Default_Handler
                0x0000000008000b80        0x2 ./Core/Startup/startup_stm32f446retx.o
                0x0000000008000b80                RTC_Alarm_IRQHandler
                0x0000000008000b80                EXTI2_IRQHandler
                0x0000000008000b80                TIM8_CC_IRQHandler
                0x0000000008000b80                FMPI2C1_EV_IRQHandler
                0x0000000008000b80                SPI4_IRQHandler
                0x0000000008000b80                TIM1_CC_IRQHandler
                0x0000000008000b80                DMA2_Stream5_IRQHandler
                0x0000000008000b80                DMA1_Stream5_IRQHandler
                0x0000000008000b80                PVD_IRQHandler
                0x0000000008000b80                SDIO_IRQHandler
                0x0000000008000b80                TAMP_STAMP_IRQHandler
                0x0000000008000b80                CAN2_RX1_IRQHandler
                0x0000000008000b80                EXTI3_IRQHandler
                0x0000000008000b80                TIM8_TRG_COM_TIM14_IRQHandler
                0x0000000008000b80                TIM1_UP_TIM10_IRQHandler
                0x0000000008000b80                TIM8_UP_TIM13_IRQHandler
                0x0000000008000b80                I2C3_ER_IRQHandler
                0x0000000008000b80                EXTI0_IRQHandler
                0x0000000008000b80                I2C2_EV_IRQHandler
                0x0000000008000b80                DMA1_Stream2_IRQHandler
                0x0000000008000b80                CAN1_RX0_IRQHandler
                0x0000000008000b80                FPU_IRQHandler
                0x0000000008000b80                OTG_HS_WKUP_IRQHandler
                0x0000000008000b80                CAN2_SCE_IRQHandler
                0x0000000008000b80                DMA2_Stream2_IRQHandler
                0x0000000008000b80                SPI1_IRQHandler
                0x0000000008000b80                TIM1_BRK_TIM9_IRQHandler
                0x0000000008000b80                DCMI_IRQHandler
                0x0000000008000b80                CAN2_RX0_IRQHandler
                0x0000000008000b80                DMA2_Stream3_IRQHandler
                0x0000000008000b80                SAI2_IRQHandler
                0x0000000008000b80                USART6_IRQHandler
                0x0000000008000b80                USART3_IRQHandler
                0x0000000008000b80                CAN1_RX1_IRQHandler
                0x0000000008000b80                UART5_IRQHandler
                0x0000000008000b80                DMA2_Stream0_IRQHandler
                0x0000000008000b80                TIM4_IRQHandler
                0x0000000008000b80                QUADSPI_IRQHandler
                0x0000000008000b80                I2C1_EV_IRQHandler
                0x0000000008000b80                DMA1_Stream6_IRQHandler
                0x0000000008000b80                DMA1_Stream1_IRQHandler
                0x0000000008000b80                UART4_IRQHandler
                0x0000000008000b80                TIM3_IRQHandler
                0x0000000008000b80                RCC_IRQHandler
                0x0000000008000b80                TIM8_BRK_TIM12_IRQHandler
                0x0000000008000b80                Default_Handler
                0x0000000008000b80                CEC_IRQHandler
                0x0000000008000b80                ADC_IRQHandler
                0x0000000008000b80                DMA1_Stream7_IRQHandler
                0x0000000008000b80                TIM7_IRQHandler
                0x0000000008000b80                CAN2_TX_IRQHandler
                0x0000000008000b80                TIM5_IRQHandler
                0x0000000008000b80                DMA2_Stream7_IRQHandler
                0x0000000008000b80                I2C3_EV_IRQHandler
                0x0000000008000b80                EXTI9_5_IRQHandler
                0x0000000008000b80                RTC_WKUP_IRQHandler
                0x0000000008000b80                SPDIF_RX_IRQHandler
                0x0000000008000b80                SPI2_IRQHandler
                0x0000000008000b80                OTG_HS_EP1_IN_IRQHandler
                0x0000000008000b80                DMA1_Stream0_IRQHandler
                0x0000000008000b80                CAN1_TX_IRQHandler
                0x0000000008000b80                FMPI2C1_ER_IRQHandler
                0x0000000008000b80                EXTI4_IRQHandler
                0x0000000008000b80                OTG_HS_EP1_OUT_IRQHandler
                0x0000000008000b80                WWDG_IRQHandler
                0x0000000008000b80                TIM2_IRQHandler
                0x0000000008000b80                OTG_FS_WKUP_IRQHandler
                0x0000000008000b80                TIM1_TRG_COM_TIM11_IRQHandler
                0x0000000008000b80                OTG_HS_IRQHandler
                0x0000000008000b80                EXTI1_IRQHandler
                0x0000000008000b80                USART2_IRQHandler
                0x0000000008000b80                I2C2_ER_IRQHandler
                0x0000000008000b80                DMA2_Stream1_IRQHandler
                0x0000000008000b80                CAN1_SCE_IRQHandler
                0x0000000008000b80                FLASH_IRQHandler
                0x0000000008000b80                DMA2_Stream4_IRQHandler
                0x0000000008000b80                USART1_IRQHandler
                0x0000000008000b80                OTG_FS_IRQHandler
                0x0000000008000b80                SPI3_IRQHandler
                0x0000000008000b80                DMA1_Stream4_IRQHandler
                0x0000000008000b80                I2C1_ER_IRQHandler
                0x0000000008000b80                FMC_IRQHandler
                0x0000000008000b80                DMA2_Stream6_IRQHandler
                0x0000000008000b80                SAI1_IRQHandler
                0x0000000008000b80                DMA1_Stream3_IRQHandler
 *fill*         0x0000000008000b82        0x2 
 .text.HAL_Init
                0x0000000008000b84       0x44 ./Drivers/STM32F4xx_HAL_Driver/Src/stm32f4xx_hal.o
                0x0000000008000b84                HAL_Init
 .text.HAL_IncTick
                0x0000000008000bc8       0x28 ./Drivers/STM32F4xx_HAL_Driver/Src/stm32f4xx_hal.o
                0x0000000008000bc8                HAL_IncTick
 .text.HAL_GetTick
                0x0000000008000bf0       0x18 ./Drivers/STM32F4xx_HAL_Driver/Src/stm32f4xx_hal.o
                0x0000000008000bf0                HAL_GetTick
 .text.HAL_Delay
                0x0000000008000c08       0x48 ./Drivers/STM32F4xx_HAL_Driver/Src/stm32f4xx_hal.o
                0x0000000008000c08                HAL_Delay
 .text.__NVIC_SetPriorityGrouping
                0x0000000008000c50       0x48 ./Drivers/STM32F4xx_HAL_Driver/Src/stm32f4xx_hal_cortex.o
 .text.__NVIC_GetPriorityGrouping
                0x0000000008000c98       0x1c ./Drivers/STM32F4xx_HAL_Driver/Src/stm32f4xx_hal_cortex.o
 .text.__NVIC_EnableIRQ
                0x0000000008000cb4       0x3c ./Drivers/STM32F4xx_HAL_Driver/Src/stm32f4xx_hal_cortex.o
 .text.__NVIC_SetPriority
                0x0000000008000cf0       0x54 ./Drivers/STM32F4xx_HAL_Driver/Src/stm32f4xx_hal_cortex.o
 .text.NVIC_EncodePriority
                0x0000000008000d44       0x66 ./Drivers/STM32F4xx_HAL_Driver/Src/stm32f4xx_hal_cortex.o
 .text.HAL_NVIC_SetPriorityGrouping
                0x0000000008000daa       0x16 ./Drivers/STM32F4xx_HAL_Driver/Src/stm32f4xx_hal_cortex.o
                0x0000000008000daa                HAL_NVIC_SetPriorityGrouping
 .text.HAL_NVIC_SetPriority
                0x0000000008000dc0       0x38 ./Drivers/STM32F4xx_HAL_Driver/Src/stm32f4xx_hal_cortex.o
                0x0000000008000dc0                HAL_NVIC_SetPriority
 .text.HAL_NVIC_EnableIRQ
                0x0000000008000df8       0x1c ./Drivers/STM32F4xx_HAL_Driver/Src/stm32f4xx_hal_cortex.o
                0x0000000008000df8                HAL_NVIC_EnableIRQ
 .text.HAL_GPIO_Init
                0x0000000008000e14      0x328 ./Drivers/STM32F4xx_HAL_Driver/Src/stm32f4xx_hal_gpio.o
                0x0000000008000e14                HAL_GPIO_Init
 .text.HAL_GPIO_WritePin
                0x000000000800113c       0x32 ./Drivers/STM32F4xx_HAL_Driver/Src/stm32f4xx_hal_gpio.o
                0x000000000800113c                HAL_GPIO_WritePin
 .text.HAL_GPIO_TogglePin
                0x000000000800116e       0x34 ./Drivers/STM32F4xx_HAL_Driver/Src/stm32f4xx_hal_gpio.o
                0x000000000800116e                HAL_GPIO_TogglePin
 *fill*         0x00000000080011a2        0x2 
 .text.HAL_GPIO_EXTI_IRQHandler
                0x00000000080011a4       0x30 ./Drivers/STM32F4xx_HAL_Driver/Src/stm32f4xx_hal_gpio.o
                0x00000000080011a4                HAL_GPIO_EXTI_IRQHandler
 .text.HAL_RCC_ClockConfig
                0x00000000080011d4      0x1cc ./Drivers/STM32F4xx_HAL_Driver/Src/stm32f4xx_hal_rcc.o
                0x00000000080011d4                HAL_RCC_ClockConfig
 .text.HAL_RCC_GetHCLKFreq
                0x00000000080013a0       0x18 ./Drivers/STM32F4xx_HAL_Driver/Src/stm32f4xx_hal_rcc.o
                0x00000000080013a0                HAL_RCC_GetHCLKFreq
 .text.HAL_RCC_GetPCLK1Freq
                0x00000000080013b8       0x28 ./Drivers/STM32F4xx_HAL_Driver/Src/stm32f4xx_hal_rcc.o
                0x00000000080013b8                HAL_RCC_GetPCLK1Freq
 .text.HAL_RCC_GetPCLK2Freq
                0x00000000080013e0       0x28 ./Drivers/STM32F4xx_HAL_Driver/Src/stm32f4xx_hal_rcc.o
                0x00000000080013e0                HAL_RCC_GetPCLK2Freq
 .text.HAL_RCC_GetClockConfig
                0x0000000008001408       0x64 ./Drivers/STM32F4xx_HAL_Driver/Src/stm32f4xx_hal_rcc.o
                0x0000000008001408                HAL_RCC_GetClockConfig
 .text.HAL_RCC_GetSysClockFreq
                0x000000000800146c      0x460 ./Drivers/STM32F4xx_HAL_Driver/Src/stm32f4xx_hal_rcc_ex.o
                0x000000000800146c                HAL_RCC_GetSysClockFreq
 .text.HAL_RCC_OscConfig
                0x00000000080018cc      0x53c ./Drivers/STM32F4xx_HAL_Driver/Src/stm32f4xx_hal_rcc_ex.o
                0x00000000080018cc                HAL_RCC_OscConfig
 .text.HAL_TIM_Base_Init
                0x0000000008001e08       0x9e ./Drivers/STM32F4xx_HAL_Driver/Src/stm32f4xx_hal_tim.o
                0x0000000008001e08                HAL_TIM_Base_Init
 .text.HAL_TIM_Base_MspInit
                0x0000000008001ea6       0x14 ./Drivers/STM32F4xx_HAL_Driver/Src/stm32f4xx_hal_tim.o
                0x0000000008001ea6                HAL_TIM_Base_MspInit
 *fill*         0x0000000008001eba        0x2 
 .text.HAL_TIM_Base_Start_IT
                0x0000000008001ebc       0xe0 ./Drivers/STM32F4xx_HAL_Driver/Src/stm32f4xx_hal_tim.o
                0x0000000008001ebc                HAL_TIM_Base_Start_IT
 .text.HAL_TIM_IRQHandler
                0x0000000008001f9c      0x210 ./Drivers/STM32F4xx_HAL_Driver/Src/stm32f4xx_hal_tim.o
                0x0000000008001f9c                HAL_TIM_IRQHandler
 .text.HAL_TIM_OC_DelayElapsedCallback
                0x00000000080021ac       0x14 ./Drivers/STM32F4xx_HAL_Driver/Src/stm32f4xx_hal_tim.o
                0x00000000080021ac                HAL_TIM_OC_DelayElapsedCallback
 .text.HAL_TIM_IC_CaptureCallback
                0x00000000080021c0       0x14 ./Drivers/STM32F4xx_HAL_Driver/Src/stm32f4xx_hal_tim.o
                0x00000000080021c0                HAL_TIM_IC_CaptureCallback
 .text.HAL_TIM_PWM_PulseFinishedCallback
                0x00000000080021d4       0x14 ./Drivers/STM32F4xx_HAL_Driver/Src/stm32f4xx_hal_tim.o
                0x00000000080021d4                HAL_TIM_PWM_PulseFinishedCallback
 .text.HAL_TIM_TriggerCallback
                0x00000000080021e8       0x14 ./Drivers/STM32F4xx_HAL_Driver/Src/stm32f4xx_hal_tim.o
                0x00000000080021e8                HAL_TIM_TriggerCallback
 .text.TIM_Base_SetConfig
                0x00000000080021fc      0x140 ./Drivers/STM32F4xx_HAL_Driver/Src/stm32f4xx_hal_tim.o
                0x00000000080021fc                TIM_Base_SetConfig
 .text.HAL_TIMEx_CommutCallback
                0x000000000800233c       0x14 ./Drivers/STM32F4xx_HAL_Driver/Src/stm32f4xx_hal_tim_ex.o
                0x000000000800233c                HAL_TIMEx_CommutCallback
 .text.HAL_TIMEx_BreakCallback
                0x0000000008002350       0x14 ./Drivers/STM32F4xx_HAL_Driver/Src/stm32f4xx_hal_tim_ex.o
                0x0000000008002350                HAL_TIMEx_BreakCallback
 .text.HAL_UART_Init
                0x0000000008002364       0x9a ./Drivers/STM32F4xx_HAL_Driver/Src/stm32f4xx_hal_uart.o
                0x0000000008002364                HAL_UART_Init
 *fill*         0x00000000080023fe        0x2 
 .text.UART_SetConfig
                0x0000000008002400      0x4e8 ./Drivers/STM32F4xx_HAL_Driver/Src/stm32f4xx_hal_uart.o
 .text.vListInitialise
                0x00000000080028e8       0x40 ./Third_party/FreeRTOS/list.o
                0x00000000080028e8                vListInitialise
 .text.vListInitialiseItem
                0x0000000008002928       0x1a ./Third_party/FreeRTOS/list.o
                0x0000000008002928                vListInitialiseItem
 .text.vListInsertEnd
                0x0000000008002942       0x48 ./Third_party/FreeRTOS/list.o
                0x0000000008002942                vListInsertEnd
 .text.uxListRemove
                0x000000000800298a       0x54 ./Third_party/FreeRTOS/list.o
                0x000000000800298a                uxListRemove
 .text.xTaskCreate
                0x00000000080029de       0x82 ./Third_party/FreeRTOS/tasks.o
                0x00000000080029de                xTaskCreate
 .text.prvInitialiseNewTask
                0x0000000008002a60      0x12c ./Third_party/FreeRTOS/tasks.o
 .text.prvAddNewTaskToReadyList
                0x0000000008002b8c       0xdc ./Third_party/FreeRTOS/tasks.o
 .text.uxTaskPriorityGet
                0x0000000008002c68       0x34 ./Third_party/FreeRTOS/tasks.o
                0x0000000008002c68                uxTaskPriorityGet
 .text.vTaskPrioritySet
                0x0000000008002c9c      0x154 ./Third_party/FreeRTOS/tasks.o
                0x0000000008002c9c                vTaskPrioritySet
 .text.vTaskStartScheduler
                0x0000000008002df0       0x98 ./Third_party/FreeRTOS/tasks.o
                0x0000000008002df0                vTaskStartScheduler
 .text.vTaskSuspendAll
                0x0000000008002e88       0x1c ./Third_party/FreeRTOS/tasks.o
                0x0000000008002e88                vTaskSuspendAll
 .text.xTaskResumeAll
                0x0000000008002ea4      0x138 ./Third_party/FreeRTOS/tasks.o
                0x0000000008002ea4                xTaskResumeAll
 .text.prvSearchForNameWithinSingleList
                0x0000000008002fdc       0xdc ./Third_party/FreeRTOS/tasks.o
 .text.xTaskGetHandle
                0x00000000080030b8       0xcc ./Third_party/FreeRTOS/tasks.o
                0x00000000080030b8                xTaskGetHandle
 .text.xTaskIncrementTick
                0x0000000008003184      0x170 ./Third_party/FreeRTOS/tasks.o
                0x0000000008003184                xTaskIncrementTick
 .text.vTaskSwitchContext
                0x00000000080032f4       0xb8 ./Third_party/FreeRTOS/tasks.o
                0x00000000080032f4                vTaskSwitchContext
 .text.prvIdleTask
                0x00000000080033ac       0x30 ./Third_party/FreeRTOS/tasks.o
 .text.prvInitialiseTaskLists
                0x00000000080033dc       0x80 ./Third_party/FreeRTOS/tasks.o
 .text.prvCheckTasksWaitingTermination
                0x000000000800345c       0x5c ./Third_party/FreeRTOS/tasks.o
 .text.prvDeleteTCB
                0x00000000080034b8       0x20 ./Third_party/FreeRTOS/tasks.o
 .text.prvResetNextTaskUnblockTime
                0x00000000080034d8       0x38 ./Third_party/FreeRTOS/tasks.o
 .text.xTaskGetCurrentTaskHandle
                0x0000000008003510       0x20 ./Third_party/FreeRTOS/tasks.o
                0x0000000008003510                xTaskGetCurrentTaskHandle
 .text.pxPortInitialiseStack
                0x0000000008003530       0x68 ./Third_party/FreeRTOS/portable/GCC/ARM_CM4F/port.o
                0x0000000008003530                pxPortInitialiseStack
 .text.prvTaskExitError
                0x0000000008003598       0x58 ./Third_party/FreeRTOS/portable/GCC/ARM_CM4F/port.o
 .text.SVC_Handler
                0x00000000080035f0       0x28 ./Third_party/FreeRTOS/portable/GCC/ARM_CM4F/port.o
                0x00000000080035f0                SVC_Handler
 .text.prvPortStartFirstTask
                0x0000000008003618       0x2c ./Third_party/FreeRTOS/portable/GCC/ARM_CM4F/port.o
 .text.xPortStartScheduler
                0x0000000008003644      0x144 ./Third_party/FreeRTOS/portable/GCC/ARM_CM4F/port.o
                0x0000000008003644                xPortStartScheduler
 .text.vPortEnterCritical
                0x0000000008003788       0x60 ./Third_party/FreeRTOS/portable/GCC/ARM_CM4F/port.o
                0x0000000008003788                vPortEnterCritical
 .text.vPortExitCritical
                0x00000000080037e8       0x54 ./Third_party/FreeRTOS/portable/GCC/ARM_CM4F/port.o
                0x00000000080037e8                vPortExitCritical
 *fill*         0x000000000800383c        0x4 
 .text.PendSV_Handler
                0x0000000008003840       0x68 ./Third_party/FreeRTOS/portable/GCC/ARM_CM4F/port.o
                0x0000000008003840                PendSV_Handler
 .text.SysTick_Handler
                0x00000000080038a8       0x44 ./Third_party/FreeRTOS/portable/GCC/ARM_CM4F/port.o
                0x00000000080038a8                SysTick_Handler
 .text.vPortSetupTimerInterrupt
                0x00000000080038ec       0x48 ./Third_party/FreeRTOS/portable/GCC/ARM_CM4F/port.o
                0x00000000080038ec                vPortSetupTimerInterrupt
 .text.vPortEnableVFP
                0x0000000008003934       0x18 ./Third_party/FreeRTOS/portable/GCC/ARM_CM4F/port.o
 .text.pvPortMalloc
                0x000000000800394c      0x1c0 ./Third_party/FreeRTOS/portable/MemMang/heap_4.o
                0x000000000800394c                pvPortMalloc
 .text.vPortFree
                0x0000000008003b0c       0xc4 ./Third_party/FreeRTOS/portable/MemMang/heap_4.o
                0x0000000008003b0c                vPortFree
 .text.prvHeapInit
                0x0000000008003bd0       0xc4 ./Third_party/FreeRTOS/portable/MemMang/heap_4.o
 .text.prvInsertBlockIntoFreeList
                0x0000000008003c94       0xb4 ./Third_party/FreeRTOS/portable/MemMang/heap_4.o
 .text.__libc_init_array
                0x0000000008003d48       0x48 c:/st/stm32cubeide_1.9.0/stm32cubeide/plugins/com.st.stm32cube.ide.mcu.externaltools.gnu-tools-for-stm32.10.3-2021.10.win32_1.0.0.202111181127/tools/bin/../lib/gcc/arm-none-eabi/10.3.1/../../../../arm-none-eabi/lib/thumb/v7e-m+fp/hard\libc_nano.a(lib_a-init.o)
                0x0000000008003d48                __libc_init_array
 .text.memset   0x0000000008003d90       0x10 c:/st/stm32cubeide_1.9.0/stm32cubeide/plugins/com.st.stm32cube.ide.mcu.externaltools.gnu-tools-for-stm32.10.3-2021.10.win32_1.0.0.202111181127/tools/bin/../lib/gcc/arm-none-eabi/10.3.1/../../../../arm-none-eabi/lib/thumb/v7e-m+fp/hard\libc_nano.a(lib_a-memset.o)
                0x0000000008003d90                memset
 *(.glue_7)
 .glue_7        0x0000000008003da0        0x0 linker stubs
 *(.glue_7t)
 .glue_7t       0x0000000008003da0        0x0 linker stubs
 *(.eh_frame)
 .eh_frame      0x0000000008003da0        0x0 c:/st/stm32cubeide_1.9.0/stm32cubeide/plugins/com.st.stm32cube.ide.mcu.externaltools.gnu-tools-for-stm32.10.3-2021.10.win32_1.0.0.202111181127/tools/bin/../lib/gcc/arm-none-eabi/10.3.1/thumb/v7e-m+fp/hard/crtbegin.o
 *(.init)
 .init          0x0000000008003da0        0x4 c:/st/stm32cubeide_1.9.0/stm32cubeide/plugins/com.st.stm32cube.ide.mcu.externaltools.gnu-tools-for-stm32.10.3-2021.10.win32_1.0.0.202111181127/tools/bin/../lib/gcc/arm-none-eabi/10.3.1/thumb/v7e-m+fp/hard/crti.o
                0x0000000008003da0                _init
 .init          0x0000000008003da4        0x8 c:/st/stm32cubeide_1.9.0/stm32cubeide/plugins/com.st.stm32cube.ide.mcu.externaltools.gnu-tools-for-stm32.10.3-2021.10.win32_1.0.0.202111181127/tools/bin/../lib/gcc/arm-none-eabi/10.3.1/thumb/v7e-m+fp/hard/crtn.o
 *(.fini)
 .fini          0x0000000008003dac        0x4 c:/st/stm32cubeide_1.9.0/stm32cubeide/plugins/com.st.stm32cube.ide.mcu.externaltools.gnu-tools-for-stm32.10.3-2021.10.win32_1.0.0.202111181127/tools/bin/../lib/gcc/arm-none-eabi/10.3.1/thumb/v7e-m+fp/hard/crti.o
                0x0000000008003dac                _fini
 .fini          0x0000000008003db0        0x8 c:/st/stm32cubeide_1.9.0/stm32cubeide/plugins/com.st.stm32cube.ide.mcu.externaltools.gnu-tools-for-stm32.10.3-2021.10.win32_1.0.0.202111181127/tools/bin/../lib/gcc/arm-none-eabi/10.3.1/thumb/v7e-m+fp/hard/crtn.o
                0x0000000008003db8                . = ALIGN (0x4)
                0x0000000008003db8                _etext = .

.vfp11_veneer   0x0000000008003db8        0x0
 .vfp11_veneer  0x0000000008003db8        0x0 linker stubs

.v4_bx          0x0000000008003db8        0x0
 .v4_bx         0x0000000008003db8        0x0 linker stubs

.iplt           0x0000000008003db8        0x0
 .iplt          0x0000000008003db8        0x0 c:/st/stm32cubeide_1.9.0/stm32cubeide/plugins/com.st.stm32cube.ide.mcu.externaltools.gnu-tools-for-stm32.10.3-2021.10.win32_1.0.0.202111181127/tools/bin/../lib/gcc/arm-none-eabi/10.3.1/thumb/v7e-m+fp/hard/crtbegin.o

.rodata         0x0000000008003db8       0x30
                0x0000000008003db8                . = ALIGN (0x4)
 *(.rodata)
 .rodata        0x0000000008003db8        0xf ./Core/Src/main.o
 *fill*         0x0000000008003dc7        0x1 
 .rodata        0x0000000008003dc8        0x5 ./Third_party/FreeRTOS/tasks.o
 *(.rodata*)
 *fill*         0x0000000008003dcd        0x3 
 .rodata.AHBPrescTable
                0x0000000008003dd0       0x10 ./Core/Src/system_stm32f4xx.o
                0x0000000008003dd0                AHBPrescTable
 .rodata.APBPrescTable
                0x0000000008003de0        0x8 ./Core/Src/system_stm32f4xx.o
                0x0000000008003de0                APBPrescTable
                0x0000000008003de8                . = ALIGN (0x4)

.ARM.extab      0x0000000008003de8        0x0
                0x0000000008003de8                . = ALIGN (0x4)
 *(.ARM.extab* .gnu.linkonce.armextab.*)
                0x0000000008003de8                . = ALIGN (0x4)

.ARM            0x0000000008003de8        0x8
                0x0000000008003de8                . = ALIGN (0x4)
                0x0000000008003de8                __exidx_start = .
 *(.ARM.exidx*)
 .ARM.exidx     0x0000000008003de8        0x8 c:/st/stm32cubeide_1.9.0/stm32cubeide/plugins/com.st.stm32cube.ide.mcu.externaltools.gnu-tools-for-stm32.10.3-2021.10.win32_1.0.0.202111181127/tools/bin/../lib/gcc/arm-none-eabi/10.3.1/thumb/v7e-m+fp/hard\libgcc.a(_udivmoddi4.o)
                0x0000000008003df0                __exidx_end = .
                0x0000000008003df0                . = ALIGN (0x4)

.rel.dyn        0x0000000008003df0        0x0
 .rel.iplt      0x0000000008003df0        0x0 c:/st/stm32cubeide_1.9.0/stm32cubeide/plugins/com.st.stm32cube.ide.mcu.externaltools.gnu-tools-for-stm32.10.3-2021.10.win32_1.0.0.202111181127/tools/bin/../lib/gcc/arm-none-eabi/10.3.1/thumb/v7e-m+fp/hard/crtbegin.o

.preinit_array  0x0000000008003df0        0x0
                0x0000000008003df0                . = ALIGN (0x4)
                0x0000000008003df0                PROVIDE (__preinit_array_start = .)
 *(.preinit_array*)
                0x0000000008003df0                PROVIDE (__preinit_array_end = .)
                0x0000000008003df0                . = ALIGN (0x4)

.init_array     0x0000000008003df0        0x4
                0x0000000008003df0                . = ALIGN (0x4)
                0x0000000008003df0                PROVIDE (__init_array_start = .)
 *(SORT_BY_NAME(.init_array.*))
 *(.init_array*)
 .init_array    0x0000000008003df0        0x4 c:/st/stm32cubeide_1.9.0/stm32cubeide/plugins/com.st.stm32cube.ide.mcu.externaltools.gnu-tools-for-stm32.10.3-2021.10.win32_1.0.0.202111181127/tools/bin/../lib/gcc/arm-none-eabi/10.3.1/thumb/v7e-m+fp/hard/crtbegin.o
                0x0000000008003df4                PROVIDE (__init_array_end = .)
                0x0000000008003df4                . = ALIGN (0x4)

.fini_array     0x0000000008003df4        0x4
                0x0000000008003df4                . = ALIGN (0x4)
                [!provide]                        PROVIDE (__fini_array_start = .)
 *(SORT_BY_NAME(.fini_array.*))
 *(.fini_array*)
 .fini_array    0x0000000008003df4        0x4 c:/st/stm32cubeide_1.9.0/stm32cubeide/plugins/com.st.stm32cube.ide.mcu.externaltools.gnu-tools-for-stm32.10.3-2021.10.win32_1.0.0.202111181127/tools/bin/../lib/gcc/arm-none-eabi/10.3.1/thumb/v7e-m+fp/hard/crtbegin.o
                [!provide]                        PROVIDE (__fini_array_end = .)
                0x0000000008003df8                . = ALIGN (0x4)
                0x0000000008003df8                _sidata = LOADADDR (.data)

.data           0x0000000020000000       0x14 load address 0x0000000008003df8
                0x0000000020000000                . = ALIGN (0x4)
                0x0000000020000000                _sdata = .
 *(.data)
 *(.data*)
 .data.SystemCoreClock
                0x0000000020000000        0x4 ./Core/Src/system_stm32f4xx.o
                0x0000000020000000                SystemCoreClock
 .data.uwTickPrio
                0x0000000020000004        0x4 ./Drivers/STM32F4xx_HAL_Driver/Src/stm32f4xx_hal.o
                0x0000000020000004                uwTickPrio
 .data.uwTickFreq
                0x0000000020000008        0x1 ./Drivers/STM32F4xx_HAL_Driver/Src/stm32f4xx_hal.o
                0x0000000020000008                uwTickFreq
 *fill*         0x0000000020000009        0x3 
 .data.uxTopUsedPriority
                0x000000002000000c        0x4 ./Third_party/FreeRTOS/tasks.o
                0x000000002000000c                uxTopUsedPriority
 .data.uxCriticalNesting
                0x0000000020000010        0x4 ./Third_party/FreeRTOS/portable/GCC/ARM_CM4F/port.o
 *(.RamFunc)
 *(.RamFunc*)
                0x0000000020000014                . = ALIGN (0x4)
                0x0000000020000014                _edata = .

.igot.plt       0x0000000020000014        0x0 load address 0x0000000008003e0c
 .igot.plt      0x0000000020000014        0x0 c:/st/stm32cubeide_1.9.0/stm32cubeide/plugins/com.st.stm32cube.ide.mcu.externaltools.gnu-tools-for-stm32.10.3-2021.10.win32_1.0.0.202111181127/tools/bin/../lib/gcc/arm-none-eabi/10.3.1/thumb/v7e-m+fp/hard/crtbegin.o
                0x0000000020000014                . = ALIGN (0x4)

.bss            0x0000000020000014    0x12de4 load address 0x0000000008003e0c
                0x0000000020000014                _sbss = .
                0x0000000020000014                __bss_start__ = _sbss
 *(.bss)
 .bss           0x0000000020000014       0x1c c:/st/stm32cubeide_1.9.0/stm32cubeide/plugins/com.st.stm32cube.ide.mcu.externaltools.gnu-tools-for-stm32.10.3-2021.10.win32_1.0.0.202111181127/tools/bin/../lib/gcc/arm-none-eabi/10.3.1/thumb/v7e-m+fp/hard/crtbegin.o
 *(.bss*)
 .bss.huart2    0x0000000020000030       0x44 ./Core/Src/main.o
                0x0000000020000030                huart2
 .bss.button_status
                0x0000000020000074        0x1 ./Core/Src/main.o
                0x0000000020000074                button_status
 *fill*         0x0000000020000075        0x3 
 .bss.task1_handle
                0x0000000020000078        0x4 ./Core/Src/main.o
                0x0000000020000078                task1_handle
 .bss.task2_handle
                0x000000002000007c        0x4 ./Core/Src/main.o
                0x000000002000007c                task2_handle
 .bss.htim6     0x0000000020000080       0x48 ./Core/Src/stm32f4xx_hal_timebase_tim.o
                0x0000000020000080                htim6
 .bss.uwTick    0x00000000200000c8        0x4 ./Drivers/STM32F4xx_HAL_Driver/Src/stm32f4xx_hal.o
                0x00000000200000c8                uwTick
 .bss.pxCurrentTCB
                0x00000000200000cc        0x4 ./Third_party/FreeRTOS/tasks.o
                0x00000000200000cc                pxCurrentTCB
 .bss.pxReadyTasksLists
                0x00000000200000d0       0x64 ./Third_party/FreeRTOS/tasks.o
 .bss.xDelayedTaskList1
                0x0000000020000134       0x14 ./Third_party/FreeRTOS/tasks.o
 .bss.xDelayedTaskList2
                0x0000000020000148       0x14 ./Third_party/FreeRTOS/tasks.o
 .bss.pxDelayedTaskList
                0x000000002000015c        0x4 ./Third_party/FreeRTOS/tasks.o
 .bss.pxOverflowDelayedTaskList
                0x0000000020000160        0x4 ./Third_party/FreeRTOS/tasks.o
 .bss.xPendingReadyList
                0x0000000020000164       0x14 ./Third_party/FreeRTOS/tasks.o
 .bss.xTasksWaitingTermination
                0x0000000020000178       0x14 ./Third_party/FreeRTOS/tasks.o
 .bss.uxDeletedTasksWaitingCleanUp
                0x000000002000018c        0x4 ./Third_party/FreeRTOS/tasks.o
 .bss.xSuspendedTaskList
                0x0000000020000190       0x14 ./Third_party/FreeRTOS/tasks.o
 .bss.uxCurrentNumberOfTasks
                0x00000000200001a4        0x4 ./Third_party/FreeRTOS/tasks.o
 .bss.xTickCount
                0x00000000200001a8        0x4 ./Third_party/FreeRTOS/tasks.o
 .bss.uxTopReadyPriority
                0x00000000200001ac        0x4 ./Third_party/FreeRTOS/tasks.o
 .bss.xSchedulerRunning
                0x00000000200001b0        0x4 ./Third_party/FreeRTOS/tasks.o
 .bss.xPendedTicks
                0x00000000200001b4        0x4 ./Third_party/FreeRTOS/tasks.o
 .bss.xYieldPending
                0x00000000200001b8        0x4 ./Third_party/FreeRTOS/tasks.o
 .bss.xNumOfOverflows
                0x00000000200001bc        0x4 ./Third_party/FreeRTOS/tasks.o
 .bss.uxTaskNumber
                0x00000000200001c0        0x4 ./Third_party/FreeRTOS/tasks.o
 .bss.xNextTaskUnblockTime
                0x00000000200001c4        0x4 ./Third_party/FreeRTOS/tasks.o
 .bss.xIdleTaskHandle
                0x00000000200001c8        0x4 ./Third_party/FreeRTOS/tasks.o
 .bss.uxSchedulerSuspended
                0x00000000200001cc        0x4 ./Third_party/FreeRTOS/tasks.o
 .bss.ucMaxSysCallPriority
                0x00000000200001d0        0x1 ./Third_party/FreeRTOS/portable/GCC/ARM_CM4F/port.o
 *fill*         0x00000000200001d1        0x3 
 .bss.ulMaxPRIGROUPValue
                0x00000000200001d4        0x4 ./Third_party/FreeRTOS/portable/GCC/ARM_CM4F/port.o
 .bss.ucHeap    0x00000000200001d8    0x12c00 ./Third_party/FreeRTOS/portable/MemMang/heap_4.o
 .bss.xStart    0x0000000020012dd8        0x8 ./Third_party/FreeRTOS/portable/MemMang/heap_4.o
 .bss.pxEnd     0x0000000020012de0        0x4 ./Third_party/FreeRTOS/portable/MemMang/heap_4.o
 .bss.xFreeBytesRemaining
                0x0000000020012de4        0x4 ./Third_party/FreeRTOS/portable/MemMang/heap_4.o
 .bss.xMinimumEverFreeBytesRemaining
                0x0000000020012de8        0x4 ./Third_party/FreeRTOS/portable/MemMang/heap_4.o
 .bss.xNumberOfSuccessfulAllocations
                0x0000000020012dec        0x4 ./Third_party/FreeRTOS/portable/MemMang/heap_4.o
 .bss.xNumberOfSuccessfulFrees
                0x0000000020012df0        0x4 ./Third_party/FreeRTOS/portable/MemMang/heap_4.o
 .bss.xBlockAllocatedBit
                0x0000000020012df4        0x4 ./Third_party/FreeRTOS/portable/MemMang/heap_4.o
 *(COMMON)
                0x0000000020012df8                . = ALIGN (0x4)
                0x0000000020012df8                _ebss = .
                0x0000000020012df8                __bss_end__ = _ebss

._user_heap_stack
                0x0000000020012df8      0x600 load address 0x0000000008003e0c
                0x0000000020012df8                . = ALIGN (0x8)
                [!provide]                        PROVIDE (end = .)
                [!provide]                        PROVIDE (_end = .)
                0x0000000020012ff8                . = (. + _Min_Heap_Size)
 *fill*         0x0000000020012df8      0x200 
                0x00000000200133f8                . = (. + _Min_Stack_Size)
 *fill*         0x0000000020012ff8      0x400 
                0x00000000200133f8                . = ALIGN (0x8)

/DISCARD/
 libc.a(*)
 libm.a(*)
 libgcc.a(*)

.ARM.attributes
                0x0000000000000000       0x30
 *(.ARM.attributes)
 .ARM.attributes
                0x0000000000000000       0x1e c:/st/stm32cubeide_1.9.0/stm32cubeide/plugins/com.st.stm32cube.ide.mcu.externaltools.gnu-tools-for-stm32.10.3-2021.10.win32_1.0.0.202111181127/tools/bin/../lib/gcc/arm-none-eabi/10.3.1/thumb/v7e-m+fp/hard/crti.o
 .ARM.attributes
                0x000000000000001e       0x34 c:/st/stm32cubeide_1.9.0/stm32cubeide/plugins/com.st.stm32cube.ide.mcu.externaltools.gnu-tools-for-stm32.10.3-2021.10.win32_1.0.0.202111181127/tools/bin/../lib/gcc/arm-none-eabi/10.3.1/thumb/v7e-m+fp/hard/crtbegin.o
 .ARM.attributes
                0x0000000000000052       0x34 ./Core/Src/main.o
 .ARM.attributes
                0x0000000000000086       0x34 ./Core/Src/stm32f4xx_hal_msp.o
 .ARM.attributes
                0x00000000000000ba       0x34 ./Core/Src/stm32f4xx_hal_timebase_tim.o
 .ARM.attributes
                0x00000000000000ee       0x34 ./Core/Src/stm32f4xx_it.o
 .ARM.attributes
                0x0000000000000122       0x34 ./Core/Src/system_stm32f4xx.o
 .ARM.attributes
                0x0000000000000156       0x21 ./Core/Startup/startup_stm32f446retx.o
 .ARM.attributes
                0x0000000000000177       0x34 ./Drivers/STM32F4xx_HAL_Driver/Src/stm32f4xx_hal.o
 .ARM.attributes
                0x00000000000001ab       0x34 ./Drivers/STM32F4xx_HAL_Driver/Src/stm32f4xx_hal_cortex.o
 .ARM.attributes
                0x00000000000001df       0x34 ./Drivers/STM32F4xx_HAL_Driver/Src/stm32f4xx_hal_gpio.o
 .ARM.attributes
                0x0000000000000213       0x34 ./Drivers/STM32F4xx_HAL_Driver/Src/stm32f4xx_hal_rcc.o
 .ARM.attributes
                0x0000000000000247       0x34 ./Drivers/STM32F4xx_HAL_Driver/Src/stm32f4xx_hal_rcc_ex.o
 .ARM.attributes
                0x000000000000027b       0x34 ./Drivers/STM32F4xx_HAL_Driver/Src/stm32f4xx_hal_tim.o
 .ARM.attributes
                0x00000000000002af       0x34 ./Drivers/STM32F4xx_HAL_Driver/Src/stm32f4xx_hal_tim_ex.o
 .ARM.attributes
                0x00000000000002e3       0x34 ./Drivers/STM32F4xx_HAL_Driver/Src/stm32f4xx_hal_uart.o
 .ARM.attributes
                0x0000000000000317       0x34 ./Third_party/FreeRTOS/list.o
 .ARM.attributes
                0x000000000000034b       0x34 ./Third_party/FreeRTOS/tasks.o
 .ARM.attributes
                0x000000000000037f       0x34 ./Third_party/FreeRTOS/portable/GCC/ARM_CM4F/port.o
 .ARM.attributes
                0x00000000000003b3       0x34 ./Third_party/FreeRTOS/portable/MemMang/heap_4.o
 .ARM.attributes
                0x00000000000003e7       0x34 c:/st/stm32cubeide_1.9.0/stm32cubeide/plugins/com.st.stm32cube.ide.mcu.externaltools.gnu-tools-for-stm32.10.3-2021.10.win32_1.0.0.202111181127/tools/bin/../lib/gcc/arm-none-eabi/10.3.1/../../../../arm-none-eabi/lib/thumb/v7e-m+fp/hard\libc_nano.a(lib_a-init.o)
 .ARM.attributes
                0x000000000000041b       0x34 c:/st/stm32cubeide_1.9.0/stm32cubeide/plugins/com.st.stm32cube.ide.mcu.externaltools.gnu-tools-for-stm32.10.3-2021.10.win32_1.0.0.202111181127/tools/bin/../lib/gcc/arm-none-eabi/10.3.1/../../../../arm-none-eabi/lib/thumb/v7e-m+fp/hard\libc_nano.a(lib_a-memset.o)
 .ARM.attributes
                0x000000000000044f       0x17 c:/st/stm32cubeide_1.9.0/stm32cubeide/plugins/com.st.stm32cube.ide.mcu.externaltools.gnu-tools-for-stm32.10.3-2021.10.win32_1.0.0.202111181127/tools/bin/../lib/gcc/arm-none-eabi/10.3.1/../../../../arm-none-eabi/lib/thumb/v7e-m+fp/hard\libc_nano.a(lib_a-strlen.o)
 .ARM.attributes
                0x0000000000000466       0x1e c:/st/stm32cubeide_1.9.0/stm32cubeide/plugins/com.st.stm32cube.ide.mcu.externaltools.gnu-tools-for-stm32.10.3-2021.10.win32_1.0.0.202111181127/tools/bin/../lib/gcc/arm-none-eabi/10.3.1/thumb/v7e-m+fp/hard\libgcc.a(_aeabi_uldivmod.o)
 .ARM.attributes
                0x0000000000000484       0x34 c:/st/stm32cubeide_1.9.0/stm32cubeide/plugins/com.st.stm32cube.ide.mcu.externaltools.gnu-tools-for-stm32.10.3-2021.10.win32_1.0.0.202111181127/tools/bin/../lib/gcc/arm-none-eabi/10.3.1/thumb/v7e-m+fp/hard\libgcc.a(_udivmoddi4.o)
 .ARM.attributes
                0x00000000000004b8       0x1e c:/st/stm32cubeide_1.9.0/stm32cubeide/plugins/com.st.stm32cube.ide.mcu.externaltools.gnu-tools-for-stm32.10.3-2021.10.win32_1.0.0.202111181127/tools/bin/../lib/gcc/arm-none-eabi/10.3.1/thumb/v7e-m+fp/hard\libgcc.a(_dvmd_tls.o)
 .ARM.attributes
                0x00000000000004d6       0x1e c:/st/stm32cubeide_1.9.0/stm32cubeide/plugins/com.st.stm32cube.ide.mcu.externaltools.gnu-tools-for-stm32.10.3-2021.10.win32_1.0.0.202111181127/tools/bin/../lib/gcc/arm-none-eabi/10.3.1/thumb/v7e-m+fp/hard/crtn.o
OUTPUT(Task_switch_btn.elf elf32-littlearm)
LOAD linker stubs
LOAD c:/st/stm32cubeide_1.9.0/stm32cubeide/plugins/com.st.stm32cube.ide.mcu.externaltools.gnu-tools-for-stm32.10.3-2021.10.win32_1.0.0.202111181127/tools/bin/../lib/gcc/arm-none-eabi/10.3.1/../../../../arm-none-eabi/lib/thumb/v7e-m+fp/hard\libc.a
LOAD c:/st/stm32cubeide_1.9.0/stm32cubeide/plugins/com.st.stm32cube.ide.mcu.externaltools.gnu-tools-for-stm32.10.3-2021.10.win32_1.0.0.202111181127/tools/bin/../lib/gcc/arm-none-eabi/10.3.1/../../../../arm-none-eabi/lib/thumb/v7e-m+fp/hard\libm.a
LOAD c:/st/stm32cubeide_1.9.0/stm32cubeide/plugins/com.st.stm32cube.ide.mcu.externaltools.gnu-tools-for-stm32.10.3-2021.10.win32_1.0.0.202111181127/tools/bin/../lib/gcc/arm-none-eabi/10.3.1/thumb/v7e-m+fp/hard\libgcc.a

.debug_info     0x0000000000000000    0x10f69
 .debug_info    0x0000000000000000     0x152a ./Core/Src/main.o
 .debug_info    0x000000000000152a      0x9a3 ./Core/Src/stm32f4xx_hal_msp.o
 .debug_info    0x0000000000001ecd      0xc77 ./Core/Src/stm32f4xx_hal_timebase_tim.o
 .debug_info    0x0000000000002b44      0x734 ./Core/Src/stm32f4xx_it.o
 .debug_info    0x0000000000003278      0x55b ./Core/Src/system_stm32f4xx.o
 .debug_info    0x00000000000037d3       0x22 ./Core/Startup/startup_stm32f446retx.o
 .debug_info    0x00000000000037f5      0x9d2 ./Drivers/STM32F4xx_HAL_Driver/Src/stm32f4xx_hal.o
 .debug_info    0x00000000000041c7      0xe39 ./Drivers/STM32F4xx_HAL_Driver/Src/stm32f4xx_hal_cortex.o
 .debug_info    0x0000000000005000      0x7be ./Drivers/STM32F4xx_HAL_Driver/Src/stm32f4xx_hal_gpio.o
 .debug_info    0x00000000000057be      0x9ab ./Drivers/STM32F4xx_HAL_Driver/Src/stm32f4xx_hal_rcc.o
 .debug_info    0x0000000000006169      0x9ec ./Drivers/STM32F4xx_HAL_Driver/Src/stm32f4xx_hal_rcc_ex.o
 .debug_info    0x0000000000006b55     0x2bbe ./Drivers/STM32F4xx_HAL_Driver/Src/stm32f4xx_hal_tim.o
 .debug_info    0x0000000000009713     0x15e0 ./Drivers/STM32F4xx_HAL_Driver/Src/stm32f4xx_hal_tim_ex.o
 .debug_info    0x000000000000acf3     0x31bc ./Drivers/STM32F4xx_HAL_Driver/Src/stm32f4xx_hal_uart.o
 .debug_info    0x000000000000deaf      0x2d1 ./Third_party/FreeRTOS/list.o
 .debug_info    0x000000000000e180     0x232d ./Third_party/FreeRTOS/tasks.o
 .debug_info    0x00000000000104ad      0x5af ./Third_party/FreeRTOS/portable/GCC/ARM_CM4F/port.o
 .debug_info    0x0000000000010a5c      0x50d ./Third_party/FreeRTOS/portable/MemMang/heap_4.o

.debug_abbrev   0x0000000000000000     0x2593
 .debug_abbrev  0x0000000000000000      0x361 ./Core/Src/main.o
 .debug_abbrev  0x0000000000000361      0x19b ./Core/Src/stm32f4xx_hal_msp.o
 .debug_abbrev  0x00000000000004fc      0x1d3 ./Core/Src/stm32f4xx_hal_timebase_tim.o
 .debug_abbrev  0x00000000000006cf      0x186 ./Core/Src/stm32f4xx_it.o
 .debug_abbrev  0x0000000000000855      0x116 ./Core/Src/system_stm32f4xx.o
 .debug_abbrev  0x000000000000096b       0x12 ./Core/Startup/startup_stm32f446retx.o
 .debug_abbrev  0x000000000000097d      0x20d ./Drivers/STM32F4xx_HAL_Driver/Src/stm32f4xx_hal.o
 .debug_abbrev  0x0000000000000b8a      0x316 ./Drivers/STM32F4xx_HAL_Driver/Src/stm32f4xx_hal_cortex.o
 .debug_abbrev  0x0000000000000ea0      0x1c4 ./Drivers/STM32F4xx_HAL_Driver/Src/stm32f4xx_hal_gpio.o
 .debug_abbrev  0x0000000000001064      0x2aa ./Drivers/STM32F4xx_HAL_Driver/Src/stm32f4xx_hal_rcc.o
 .debug_abbrev  0x000000000000130e      0x1fb ./Drivers/STM32F4xx_HAL_Driver/Src/stm32f4xx_hal_rcc_ex.o
 .debug_abbrev  0x0000000000001509      0x25d ./Drivers/STM32F4xx_HAL_Driver/Src/stm32f4xx_hal_tim.o
 .debug_abbrev  0x0000000000001766      0x265 ./Drivers/STM32F4xx_HAL_Driver/Src/stm32f4xx_hal_tim_ex.o
 .debug_abbrev  0x00000000000019cb      0x2f4 ./Drivers/STM32F4xx_HAL_Driver/Src/stm32f4xx_hal_uart.o
 .debug_abbrev  0x0000000000001cbf       0xf2 ./Third_party/FreeRTOS/list.o
 .debug_abbrev  0x0000000000001db1      0x377 ./Third_party/FreeRTOS/tasks.o
 .debug_abbrev  0x0000000000002128      0x259 ./Third_party/FreeRTOS/portable/GCC/ARM_CM4F/port.o
 .debug_abbrev  0x0000000000002381      0x212 ./Third_party/FreeRTOS/portable/MemMang/heap_4.o

.debug_aranges  0x0000000000000000      0xf30
 .debug_aranges
                0x0000000000000000       0x68 ./Core/Src/main.o
 .debug_aranges
                0x0000000000000068       0x30 ./Core/Src/stm32f4xx_hal_msp.o
 .debug_aranges
                0x0000000000000098       0x30 ./Core/Src/stm32f4xx_hal_timebase_tim.o
 .debug_aranges
                0x00000000000000c8       0x58 ./Core/Src/stm32f4xx_it.o
 .debug_aranges
                0x0000000000000120       0x28 ./Core/Src/system_stm32f4xx.o
 .debug_aranges
                0x0000000000000148       0x28 ./Core/Startup/startup_stm32f446retx.o
 .debug_aranges
                0x0000000000000170       0xf0 ./Drivers/STM32F4xx_HAL_Driver/Src/stm32f4xx_hal.o
 .debug_aranges
                0x0000000000000260      0x118 ./Drivers/STM32F4xx_HAL_Driver/Src/stm32f4xx_hal_cortex.o
 .debug_aranges
                0x0000000000000378       0x58 ./Drivers/STM32F4xx_HAL_Driver/Src/stm32f4xx_hal_gpio.o
 .debug_aranges
                0x00000000000003d0       0x88 ./Drivers/STM32F4xx_HAL_Driver/Src/stm32f4xx_hal_rcc.o
 .debug_aranges
                0x0000000000000458       0x78 ./Drivers/STM32F4xx_HAL_Driver/Src/stm32f4xx_hal_rcc_ex.o
 .debug_aranges
                0x00000000000004d0      0x3d0 ./Drivers/STM32F4xx_HAL_Driver/Src/stm32f4xx_hal_tim.o
 .debug_aranges
                0x00000000000008a0      0x168 ./Drivers/STM32F4xx_HAL_Driver/Src/stm32f4xx_hal_tim_ex.o
 .debug_aranges
                0x0000000000000a08      0x200 ./Drivers/STM32F4xx_HAL_Driver/Src/stm32f4xx_hal_uart.o
 .debug_aranges
                0x0000000000000c08       0x40 ./Third_party/FreeRTOS/list.o
 .debug_aranges
                0x0000000000000c48      0x208 ./Third_party/FreeRTOS/tasks.o
 .debug_aranges
                0x0000000000000e50       0x88 ./Third_party/FreeRTOS/portable/GCC/ARM_CM4F/port.o
 .debug_aranges
                0x0000000000000ed8       0x58 ./Third_party/FreeRTOS/portable/MemMang/heap_4.o

.debug_ranges   0x0000000000000000      0xe48
 .debug_ranges  0x0000000000000000       0x58 ./Core/Src/main.o
 .debug_ranges  0x0000000000000058       0x20 ./Core/Src/stm32f4xx_hal_msp.o
 .debug_ranges  0x0000000000000078       0x20 ./Core/Src/stm32f4xx_hal_timebase_tim.o
 .debug_ranges  0x0000000000000098       0x48 ./Core/Src/stm32f4xx_it.o
 .debug_ranges  0x00000000000000e0       0x18 ./Core/Src/system_stm32f4xx.o
 .debug_ranges  0x00000000000000f8       0x20 ./Core/Startup/startup_stm32f446retx.o
 .debug_ranges  0x0000000000000118       0xe0 ./Drivers/STM32F4xx_HAL_Driver/Src/stm32f4xx_hal.o
 .debug_ranges  0x00000000000001f8      0x108 ./Drivers/STM32F4xx_HAL_Driver/Src/stm32f4xx_hal_cortex.o
 .debug_ranges  0x0000000000000300       0x48 ./Drivers/STM32F4xx_HAL_Driver/Src/stm32f4xx_hal_gpio.o
 .debug_ranges  0x0000000000000348       0x78 ./Drivers/STM32F4xx_HAL_Driver/Src/stm32f4xx_hal_rcc.o
 .debug_ranges  0x00000000000003c0       0x68 ./Drivers/STM32F4xx_HAL_Driver/Src/stm32f4xx_hal_rcc_ex.o
 .debug_ranges  0x0000000000000428      0x3c0 ./Drivers/STM32F4xx_HAL_Driver/Src/stm32f4xx_hal_tim.o
 .debug_ranges  0x00000000000007e8      0x158 ./Drivers/STM32F4xx_HAL_Driver/Src/stm32f4xx_hal_tim_ex.o
 .debug_ranges  0x0000000000000940      0x220 ./Drivers/STM32F4xx_HAL_Driver/Src/stm32f4xx_hal_uart.o
 .debug_ranges  0x0000000000000b60       0x30 ./Third_party/FreeRTOS/list.o
 .debug_ranges  0x0000000000000b90      0x1f8 ./Third_party/FreeRTOS/tasks.o
 .debug_ranges  0x0000000000000d88       0x78 ./Third_party/FreeRTOS/portable/GCC/ARM_CM4F/port.o
 .debug_ranges  0x0000000000000e00       0x48 ./Third_party/FreeRTOS/portable/MemMang/heap_4.o

.debug_macro    0x0000000000000000    0x22f27
 .debug_macro   0x0000000000000000      0x3bc ./Core/Src/main.o
 .debug_macro   0x00000000000003bc      0xa78 ./Core/Src/main.o
 .debug_macro   0x0000000000000e34      0x29b ./Core/Src/main.o
 .debug_macro   0x00000000000010cf       0x2e ./Core/Src/main.o
 .debug_macro   0x00000000000010fd       0x28 ./Core/Src/main.o
 .debug_macro   0x0000000000001125       0x22 ./Core/Src/main.o
 .debug_macro   0x0000000000001147       0x8e ./Core/Src/main.o
 .debug_macro   0x00000000000011d5       0x51 ./Core/Src/main.o
 .debug_macro   0x0000000000001226      0x103 ./Core/Src/main.o
 .debug_macro   0x0000000000001329       0x6a ./Core/Src/main.o
 .debug_macro   0x0000000000001393      0x1df ./Core/Src/main.o
 .debug_macro   0x0000000000001572       0x1c ./Core/Src/main.o
 .debug_macro   0x000000000000158e       0x22 ./Core/Src/main.o
 .debug_macro   0x00000000000015b0       0xd9 ./Core/Src/main.o
 .debug_macro   0x0000000000001689     0x102d ./Core/Src/main.o
 .debug_macro   0x00000000000026b6      0x11f ./Core/Src/main.o
 .debug_macro   0x00000000000027d5    0x16749 ./Core/Src/main.o
 .debug_macro   0x0000000000018f1e       0x6d ./Core/Src/main.o
 .debug_macro   0x0000000000018f8b     0x367e ./Core/Src/main.o
 .debug_macro   0x000000000001c609      0x174 ./Core/Src/main.o
 .debug_macro   0x000000000001c77d       0x5c ./Core/Src/main.o
 .debug_macro   0x000000000001c7d9      0xc90 ./Core/Src/main.o
 .debug_macro   0x000000000001d469      0x9fe ./Core/Src/main.o
 .debug_macro   0x000000000001de67      0x115 ./Core/Src/main.o
 .debug_macro   0x000000000001df7c      0x1a0 ./Core/Src/main.o
 .debug_macro   0x000000000001e11c       0xa5 ./Core/Src/main.o
 .debug_macro   0x000000000001e1c1      0x16d ./Core/Src/main.o
 .debug_macro   0x000000000001e32e      0x287 ./Core/Src/main.o
 .debug_macro   0x000000000001e5b5       0x5f ./Core/Src/main.o
 .debug_macro   0x000000000001e614      0x236 ./Core/Src/main.o
 .debug_macro   0x000000000001e84a      0x132 ./Core/Src/main.o
 .debug_macro   0x000000000001e97c      0x29c ./Core/Src/main.o
 .debug_macro   0x000000000001ec18       0x2e ./Core/Src/main.o
 .debug_macro   0x000000000001ec46      0x11a ./Core/Src/main.o
 .debug_macro   0x000000000001ed60       0xe8 ./Core/Src/main.o
 .debug_macro   0x000000000001ee48       0x89 ./Core/Src/main.o
 .debug_macro   0x000000000001eed1      0x8e6 ./Core/Src/main.o
 .debug_macro   0x000000000001f7b7       0x4d ./Core/Src/main.o
 .debug_macro   0x000000000001f804      0x295 ./Core/Src/main.o
 .debug_macro   0x000000000001fa99      0x126 ./Core/Src/main.o
 .debug_macro   0x000000000001fbbf       0x5e ./Core/Src/main.o
 .debug_macro   0x000000000001fc1d      0x119 ./Core/Src/main.o
 .debug_macro   0x000000000001fd36      0x15a ./Core/Src/main.o
 .debug_macro   0x000000000001fe90       0xea ./Core/Src/main.o
 .debug_macro   0x000000000001ff7a       0x1c ./Core/Src/main.o
 .debug_macro   0x000000000001ff96       0x26 ./Core/Src/main.o
 .debug_macro   0x000000000001ffbc      0x520 ./Core/Src/main.o
 .debug_macro   0x00000000000204dc       0xb5 ./Core/Src/main.o
 .debug_macro   0x0000000000020591      0x120 ./Core/Src/main.o
 .debug_macro   0x00000000000206b1       0x52 ./Core/Src/main.o
 .debug_macro   0x0000000000020703       0x1e ./Core/Src/main.o
 .debug_macro   0x0000000000020721       0x3c ./Core/Src/main.o
 .debug_macro   0x000000000002075d       0x34 ./Core/Src/main.o
 .debug_macro   0x0000000000020791       0x16 ./Core/Src/main.o
 .debug_macro   0x00000000000207a7       0x35 ./Core/Src/main.o
 .debug_macro   0x00000000000207dc      0x341 ./Core/Src/main.o
 .debug_macro   0x0000000000020b1d       0x10 ./Core/Src/main.o
 .debug_macro   0x0000000000020b2d       0x16 ./Core/Src/main.o
 .debug_macro   0x0000000000020b43       0x43 ./Core/Src/main.o
 .debug_macro   0x0000000000020b86       0x34 ./Core/Src/main.o
 .debug_macro   0x0000000000020bba       0x10 ./Core/Src/main.o
 .debug_macro   0x0000000000020bca       0x58 ./Core/Src/main.o
 .debug_macro   0x0000000000020c22       0x71 ./Core/Src/main.o
 .debug_macro   0x0000000000020c93       0x1c ./Core/Src/main.o
 .debug_macro   0x0000000000020caf      0x12a ./Core/Src/main.o
 .debug_macro   0x0000000000020dd9       0x10 ./Core/Src/main.o
 .debug_macro   0x0000000000020de9       0x1c ./Core/Src/main.o
 .debug_macro   0x0000000000020e05       0x52 ./Core/Src/main.o
 .debug_macro   0x0000000000020e57       0x22 ./Core/Src/main.o
 .debug_macro   0x0000000000020e79       0x10 ./Core/Src/main.o
 .debug_macro   0x0000000000020e89       0x52 ./Core/Src/main.o
 .debug_macro   0x0000000000020edb       0xd5 ./Core/Src/main.o
 .debug_macro   0x0000000000020fb0       0x1c ./Core/Src/main.o
 .debug_macro   0x0000000000020fcc       0x3d ./Core/Src/main.o
 .debug_macro   0x0000000000021009       0x16 ./Core/Src/main.o
 .debug_macro   0x000000000002101f      0x145 ./Core/Src/main.o
 .debug_macro   0x0000000000021164      0x1dd ./Core/Src/stm32f4xx_hal_msp.o
 .debug_macro   0x0000000000021341      0x1ce ./Core/Src/stm32f4xx_hal_timebase_tim.o
 .debug_macro   0x000000000002150f      0x1e7 ./Core/Src/stm32f4xx_it.o
 .debug_macro   0x00000000000216f6      0x1ce ./Core/Src/system_stm32f4xx.o
 .debug_macro   0x00000000000218c4      0x22e ./Drivers/STM32F4xx_HAL_Driver/Src/stm32f4xx_hal.o
 .debug_macro   0x0000000000021af2      0x1ce ./Drivers/STM32F4xx_HAL_Driver/Src/stm32f4xx_hal_cortex.o
 .debug_macro   0x0000000000021cc0      0x1d4 ./Drivers/STM32F4xx_HAL_Driver/Src/stm32f4xx_hal_gpio.o
 .debug_macro   0x0000000000021e94      0x1f2 ./Drivers/STM32F4xx_HAL_Driver/Src/stm32f4xx_hal_rcc.o
 .debug_macro   0x0000000000022086      0x1ce ./Drivers/STM32F4xx_HAL_Driver/Src/stm32f4xx_hal_rcc_ex.o
 .debug_macro   0x0000000000022254      0x1cf ./Drivers/STM32F4xx_HAL_Driver/Src/stm32f4xx_hal_tim.o
 .debug_macro   0x0000000000022423      0x1ce ./Drivers/STM32F4xx_HAL_Driver/Src/stm32f4xx_hal_tim_ex.o
 .debug_macro   0x00000000000225f1      0x1cf ./Drivers/STM32F4xx_HAL_Driver/Src/stm32f4xx_hal_uart.o
 .debug_macro   0x00000000000227c0      0x193 ./Third_party/FreeRTOS/list.o
 .debug_macro   0x0000000000022953      0x280 ./Third_party/FreeRTOS/tasks.o
 .debug_macro   0x0000000000022bd3       0x10 ./Third_party/FreeRTOS/tasks.o
 .debug_macro   0x0000000000022be3      0x196 ./Third_party/FreeRTOS/portable/GCC/ARM_CM4F/port.o
 .debug_macro   0x0000000000022d79      0x1ae ./Third_party/FreeRTOS/portable/MemMang/heap_4.o

.debug_line     0x0000000000000000    0x11b55
 .debug_line    0x0000000000000000      0xbb8 ./Core/Src/main.o
 .debug_line    0x0000000000000bb8      0x704 ./Core/Src/stm32f4xx_hal_msp.o
 .debug_line    0x00000000000012bc      0x717 ./Core/Src/stm32f4xx_hal_timebase_tim.o
 .debug_line    0x00000000000019d3      0x76c ./Core/Src/stm32f4xx_it.o
 .debug_line    0x000000000000213f      0x739 ./Core/Src/system_stm32f4xx.o
 .debug_line    0x0000000000002878       0x88 ./Core/Startup/startup_stm32f446retx.o
 .debug_line    0x0000000000002900      0x99f ./Drivers/STM32F4xx_HAL_Driver/Src/stm32f4xx_hal.o
 .debug_line    0x000000000000329f      0xc4e ./Drivers/STM32F4xx_HAL_Driver/Src/stm32f4xx_hal_cortex.o
 .debug_line    0x0000000000003eed      0xaff ./Drivers/STM32F4xx_HAL_Driver/Src/stm32f4xx_hal_gpio.o
 .debug_line    0x00000000000049ec      0xd27 ./Drivers/STM32F4xx_HAL_Driver/Src/stm32f4xx_hal_rcc.o
 .debug_line    0x0000000000005713     0x13b2 ./Drivers/STM32F4xx_HAL_Driver/Src/stm32f4xx_hal_rcc_ex.o
 .debug_line    0x0000000000006ac5     0x3693 ./Drivers/STM32F4xx_HAL_Driver/Src/stm32f4xx_hal_tim.o
 .debug_line    0x000000000000a158     0x199c ./Drivers/STM32F4xx_HAL_Driver/Src/stm32f4xx_hal_tim_ex.o
 .debug_line    0x000000000000baf4     0x2a44 ./Drivers/STM32F4xx_HAL_Driver/Src/stm32f4xx_hal_uart.o
 .debug_line    0x000000000000e538      0x70b ./Third_party/FreeRTOS/list.o
 .debug_line    0x000000000000ec43     0x1d38 ./Third_party/FreeRTOS/tasks.o
 .debug_line    0x000000000001097b      0x884 ./Third_party/FreeRTOS/portable/GCC/ARM_CM4F/port.o
 .debug_line    0x00000000000111ff      0x956 ./Third_party/FreeRTOS/portable/MemMang/heap_4.o

.debug_str      0x0000000000000000    0xd8015
 .debug_str     0x0000000000000000    0xd28db ./Core/Src/main.o
                                      0xd2cbc (size before relaxing)
 .debug_str     0x00000000000d28db       0x66 ./Core/Src/stm32f4xx_hal_msp.o
                                      0xc9681 (size before relaxing)
 .debug_str     0x00000000000d2941       0xec ./Core/Src/stm32f4xx_hal_timebase_tim.o
                                      0xc9c0e (size before relaxing)
 .debug_str     0x00000000000d2a2d       0xe7 ./Core/Src/stm32f4xx_it.o
                                      0xc9658 (size before relaxing)
 .debug_str     0x00000000000d2b14       0xdb ./Core/Src/system_stm32f4xx.o
                                      0xc90f8 (size before relaxing)
 .debug_str     0x00000000000d2bef       0x36 ./Core/Startup/startup_stm32f446retx.o
                                         0x63 (size before relaxing)
 .debug_str     0x00000000000d2c25      0x5d4 ./Drivers/STM32F4xx_HAL_Driver/Src/stm32f4xx_hal.o
                                      0xc9cbd (size before relaxing)
 .debug_str     0x00000000000d31f9      0x331 ./Drivers/STM32F4xx_HAL_Driver/Src/stm32f4xx_hal_cortex.o
                                      0xc99cb (size before relaxing)
 .debug_str     0x00000000000d352a       0xd5 ./Drivers/STM32F4xx_HAL_Driver/Src/stm32f4xx_hal_gpio.o
                                      0xc9273 (size before relaxing)
 .debug_str     0x00000000000d35ff      0x1fd ./Drivers/STM32F4xx_HAL_Driver/Src/stm32f4xx_hal_rcc.o
                                      0xc9531 (size before relaxing)
 .debug_str     0x00000000000d37fc      0x324 ./Drivers/STM32F4xx_HAL_Driver/Src/stm32f4xx_hal_rcc_ex.o
                                      0xc9564 (size before relaxing)
 .debug_str     0x00000000000d3b20      0xe69 ./Drivers/STM32F4xx_HAL_Driver/Src/stm32f4xx_hal_tim.o
                                      0xca44d (size before relaxing)
 .debug_str     0x00000000000d4989      0x503 ./Drivers/STM32F4xx_HAL_Driver/Src/stm32f4xx_hal_tim_ex.o
                                      0xc9c69 (size before relaxing)
 .debug_str     0x00000000000d4e8c      0x61c ./Drivers/STM32F4xx_HAL_Driver/Src/stm32f4xx_hal_uart.o
                                      0xc9aa6 (size before relaxing)
 .debug_str     0x00000000000d54a8      0x266 ./Third_party/FreeRTOS/list.o
                                       0xa9b1 (size before relaxing)
 .debug_str     0x00000000000d570e     0x1e71 ./Third_party/FreeRTOS/tasks.o
                                       0xdbcd (size before relaxing)
 .debug_str     0x00000000000d757f      0x77c ./Third_party/FreeRTOS/portable/GCC/ARM_CM4F/port.o
                                       0x94b1 (size before relaxing)
 .debug_str     0x00000000000d7cfb      0x31a ./Third_party/FreeRTOS/portable/MemMang/heap_4.o
                                       0xbe7a (size before relaxing)

.comment        0x0000000000000000       0x50
 .comment       0x0000000000000000       0x50 ./Core/Src/main.o
                                         0x51 (size before relaxing)
 .comment       0x0000000000000050       0x51 ./Core/Src/stm32f4xx_hal_msp.o
 .comment       0x0000000000000050       0x51 ./Core/Src/stm32f4xx_hal_timebase_tim.o
 .comment       0x0000000000000050       0x51 ./Core/Src/stm32f4xx_it.o
 .comment       0x0000000000000050       0x51 ./Core/Src/system_stm32f4xx.o
 .comment       0x0000000000000050       0x51 ./Drivers/STM32F4xx_HAL_Driver/Src/stm32f4xx_hal.o
 .comment       0x0000000000000050       0x51 ./Drivers/STM32F4xx_HAL_Driver/Src/stm32f4xx_hal_cortex.o
 .comment       0x0000000000000050       0x51 ./Drivers/STM32F4xx_HAL_Driver/Src/stm32f4xx_hal_gpio.o
 .comment       0x0000000000000050       0x51 ./Drivers/STM32F4xx_HAL_Driver/Src/stm32f4xx_hal_rcc.o
 .comment       0x0000000000000050       0x51 ./Drivers/STM32F4xx_HAL_Driver/Src/stm32f4xx_hal_rcc_ex.o
 .comment       0x0000000000000050       0x51 ./Drivers/STM32F4xx_HAL_Driver/Src/stm32f4xx_hal_tim.o
 .comment       0x0000000000000050       0x51 ./Drivers/STM32F4xx_HAL_Driver/Src/stm32f4xx_hal_tim_ex.o
 .comment       0x0000000000000050       0x51 ./Drivers/STM32F4xx_HAL_Driver/Src/stm32f4xx_hal_uart.o
 .comment       0x0000000000000050       0x51 ./Third_party/FreeRTOS/list.o
 .comment       0x0000000000000050       0x51 ./Third_party/FreeRTOS/tasks.o
 .comment       0x0000000000000050       0x51 ./Third_party/FreeRTOS/portable/GCC/ARM_CM4F/port.o
 .comment       0x0000000000000050       0x51 ./Third_party/FreeRTOS/portable/MemMang/heap_4.o

.debug_frame    0x0000000000000000     0x3f48
 .debug_frame   0x0000000000000000      0x15c ./Core/Src/main.o
 .debug_frame   0x000000000000015c       0x80 ./Core/Src/stm32f4xx_hal_msp.o
 .debug_frame   0x00000000000001dc       0x74 ./Core/Src/stm32f4xx_hal_timebase_tim.o
 .debug_frame   0x0000000000000250       0xe0 ./Core/Src/stm32f4xx_it.o
 .debug_frame   0x0000000000000330       0x58 ./Core/Src/system_stm32f4xx.o
 .debug_frame   0x0000000000000388      0x374 ./Drivers/STM32F4xx_HAL_Driver/Src/stm32f4xx_hal.o
 .debug_frame   0x00000000000006fc      0x498 ./Drivers/STM32F4xx_HAL_Driver/Src/stm32f4xx_hal_cortex.o
 .debug_frame   0x0000000000000b94      0x14c ./Drivers/STM32F4xx_HAL_Driver/Src/stm32f4xx_hal_gpio.o
 .debug_frame   0x0000000000000ce0      0x1f4 ./Drivers/STM32F4xx_HAL_Driver/Src/stm32f4xx_hal_rcc.o
 .debug_frame   0x0000000000000ed4      0x1e8 ./Drivers/STM32F4xx_HAL_Driver/Src/stm32f4xx_hal_rcc_ex.o
 .debug_frame   0x00000000000010bc     0x11c4 ./Drivers/STM32F4xx_HAL_Driver/Src/stm32f4xx_hal_tim.o
 .debug_frame   0x0000000000002280      0x638 ./Drivers/STM32F4xx_HAL_Driver/Src/stm32f4xx_hal_tim_ex.o
 .debug_frame   0x00000000000028b8      0x92c ./Drivers/STM32F4xx_HAL_Driver/Src/stm32f4xx_hal_uart.o
 .debug_frame   0x00000000000031e4       0xd8 ./Third_party/FreeRTOS/list.o
 .debug_frame   0x00000000000032bc      0x8e4 ./Third_party/FreeRTOS/tasks.o
 .debug_frame   0x0000000000003ba0      0x1d0 ./Third_party/FreeRTOS/portable/GCC/ARM_CM4F/port.o
 .debug_frame   0x0000000000003d70      0x12c ./Third_party/FreeRTOS/portable/MemMang/heap_4.o
 .debug_frame   0x0000000000003e9c       0x2c c:/st/stm32cubeide_1.9.0/stm32cubeide/plugins/com.st.stm32cube.ide.mcu.externaltools.gnu-tools-for-stm32.10.3-2021.10.win32_1.0.0.202111181127/tools/bin/../lib/gcc/arm-none-eabi/10.3.1/../../../../arm-none-eabi/lib/thumb/v7e-m+fp/hard\libc_nano.a(lib_a-init.o)
 .debug_frame   0x0000000000003ec8       0x20 c:/st/stm32cubeide_1.9.0/stm32cubeide/plugins/com.st.stm32cube.ide.mcu.externaltools.gnu-tools-for-stm32.10.3-2021.10.win32_1.0.0.202111181127/tools/bin/../lib/gcc/arm-none-eabi/10.3.1/../../../../arm-none-eabi/lib/thumb/v7e-m+fp/hard\libc_nano.a(lib_a-memset.o)
 .debug_frame   0x0000000000003ee8       0x2c c:/st/stm32cubeide_1.9.0/stm32cubeide/plugins/com.st.stm32cube.ide.mcu.externaltools.gnu-tools-for-stm32.10.3-2021.10.win32_1.0.0.202111181127/tools/bin/../lib/gcc/arm-none-eabi/10.3.1/thumb/v7e-m+fp/hard\libgcc.a(_aeabi_uldivmod.o)
 .debug_frame   0x0000000000003f14       0x34 c:/st/stm32cubeide_1.9.0/stm32cubeide/plugins/com.st.stm32cube.ide.mcu.externaltools.gnu-tools-for-stm32.10.3-2021.10.win32_1.0.0.202111181127/tools/bin/../lib/gcc/arm-none-eabi/10.3.1/thumb/v7e-m+fp/hard\libgcc.a(_udivmoddi4.o)
