../Core/Src/main.c:74:5:main	32	static,ignoring_inline_asm
../Core/Src/main.c:124:6:SystemClock_Config	88	static
../Core/Src/main.c:172:13:MX_USART2_UART_Init	8	static
../Core/Src/main.c:205:13:MX_GPIO_Init	48	static
../Core/Src/main.c:249:6:task1_func	16	static
../Core/Src/main.c:262:6:task2_func	16	static
../Core/Src/main.c:275:6:switch_priority	32	static
../Core/Src/main.c:318:6:HAL_GPIO_EXTI_Callback	16	static
../Core/Src/main.c:335:6:HAL_TIM_PeriodElapsedCallback	16	static
../Core/Src/main.c:352:6:Error_Handler	4	static,ignoring_inline_asm
